Circuit: * F:\Python\Circuit Solver\test.asc

